=== Z/4-curves, g(C) <= 6 : (g(C), g(C/G), sigma(C/G), sigma(C), orbits (a=log2 inertia, lower breaks), genera of tower, p-ranks of tower)
(1, 0, 0, 0, ((2, (1, 3)),), (0, 0, 1), (0, 0, 0))
(1, 1, 1, 1, (), (1, 1, 1), (1, 1, 1))
(2, 0, 0, 0, ((2, (1, 5)),), (0, 0, 2), (0, 0, 0))
(3, 0, 0, 0, ((2, (1, 7)),), (0, 0, 3), (0, 0, 0))
(3, 0, 0, 2, ((1, (1,)), (2, (1, 3))), (0, 0, 3), (0, 0, 2))
(3, 1, 1, 3, ((1, (1,)),), (1, 1, 3), (1, 1, 3))
(4, 0, 0, 0, ((2, (1, 9)),), (0, 0, 4), (0, 0, 0))
(4, 0, 0, 2, ((1, (1,)), (2, (1, 5))), (0, 0, 4), (0, 0, 2))
(5, 0, 0, 0, ((2, (1, 11)),), (0, 0, 5), (0, 0, 0))
(5, 0, 0, 2, ((1, (1,)), (2, (1, 7))), (0, 0, 5), (0, 0, 2))
(5, 0, 0, 2, ((1, (3,)), (2, (1, 3))), (0, 0, 5), (0, 0, 2))
(5, 0, 0, 3, ((2, (1, 3)), (2, (1, 3))), (0, 1, 5), (0, 1, 3))
(5, 0, 0, 4, ((1, (1,)), (1, (1,)), (2, (1, 3))), (0, 0, 5), (0, 0, 4))
(5, 1, 0, 0, ((2, (1, 3)),), (1, 2, 5), (0, 0, 0))
(5, 1, 1, 3, ((1, (3,)),), (1, 1, 5), (1, 1, 3))
(5, 1, 1, 4, ((2, (1, 3)),), (1, 2, 5), (1, 2, 4))
(5, 1, 1, 5, ((1, (1,)), (1, (1,))), (1, 1, 5), (1, 1, 5))
(5, 2, 1, 1, (), (2, 3, 5), (1, 1, 1))
(5, 2, 2, 5, (), (2, 3, 5), (2, 3, 5))
(6, 0, 0, 0, ((2, (1, 13)),), (0, 0, 6), (0, 0, 0))
(6, 0, 0, 0, ((2, (3, 9)),), (0, 1, 6), (0, 0, 0))
(6, 0, 0, 2, ((1, (1,)), (2, (1, 9))), (0, 0, 6), (0, 0, 2))
(6, 0, 0, 2, ((1, (3,)), (2, (1, 5))), (0, 0, 6), (0, 0, 2))
(6, 0, 0, 3, ((2, (1, 3)), (2, (1, 5))), (0, 1, 6), (0, 1, 3))
(6, 0, 0, 4, ((1, (1,)), (1, (1,)), (2, (1, 5))), (0, 0, 6), (0, 0, 4))
(6, 1, 0, 0, ((2, (1, 5)),), (1, 2, 6), (0, 0, 0))
(6, 1, 1, 4, ((2, (1, 5)),), (1, 2, 6), (1, 2, 4))
=== Z/8-curves, g(C) <= 10 : (g(C), g(C/G), sigma(C/G), sigma(C), orbits (a=log2 inertia, lower breaks), genera of tower, p-ranks of tower)
(1, 1, 1, 1, (), (1, 1, 1, 1), (1, 1, 1, 1))
(5, 1, 1, 5, ((1, (1,)),), (1, 1, 1, 5), (1, 1, 1, 5))
(7, 0, 0, 0, ((3, (1, 3, 11)),), (0, 0, 1, 7), (0, 0, 0, 0))
(9, 0, 0, 0, ((3, (1, 3, 15)),), (0, 0, 1, 9), (0, 0, 0, 0))
(9, 1, 1, 5, ((1, (3,)),), (1, 1, 1, 9), (1, 1, 1, 5))
(9, 1, 1, 7, ((2, (1, 3)),), (1, 1, 3, 9), (1, 1, 3, 7))
(9, 1, 1, 9, ((1, (1,)), (1, (1,))), (1, 1, 1, 9), (1, 1, 1, 9))
(9, 2, 1, 1, (), (2, 3, 5, 9), (1, 1, 1, 1))
(9, 2, 2, 9, (), (2, 3, 5, 9), (2, 3, 5, 9))
